Microchip MPLAB XC8 Compiler V2.20

Linker command line:

-W-3 --edf=C:\Program Files\Microchip\xc8\v2.20\pic\dat\en_msgs.txt -cn \
  -h+dist/default/production\RTOS_2022_2.X.production.sym \
  --cmf=dist/default/production\RTOS_2022_2.X.production.cmf -z -Q18F4520 \
  -oC:\Users\ander\AppData\Local\Temp\s8ck.2 --defsym=__MPLAB_BUILD=1 \
  -Mdist/default/production/RTOS_2022_2.X.production.map -E1 \
  -ver=XC8 Compiler --acfsm=1493 -ASTACK=0225h-05FFh -pstack=STACK \
  -ACODE=00h-07FFFh -ACONST=00h-07FFFh -ASMALLCONST=0600h-06FFhx122 \
  -AMEDIUMCONST=0600h-07FFFh -ACOMRAM=01h-07Fh -AABS1=00h-05FFh \
  -ABIGRAM=01h-05FFh -ARAM=080h-0FFh,0100h-01FFhx5 -ABANK0=080h-0FFh \
  -ABANK1=0100h-01FFh -ABANK2=0200h-02FFh -ABANK3=0300h-03FFh \
  -ABANK4=0400h-04FFh -ABANK5=0500h-05FFh -ASFR=0F80h-0FFFh \
  -ACONFIG=0300000h-030000Dh -AIDLOC=0200000h-0200007h \
  -preset_vec=00h,intcode=08h,intcodelo,powerup,init -pramtop=0600h \
  -psmallconst=SMALLCONST -pmediumconst=MEDIUMCONST -pconst=CONST \
  -AFARRAM=00h-00h -AEEDATA=0F00000h-0F000FFh -peeprom_data=EEDATA \
  -prdata=COMRAM,nvrram=COMRAM,nvbit=COMRAM,rbss=COMRAM,rbit=COMRAM \
  -pfarbss=FARRAM,fardata=FARRAM,nvFARRAM=FARRAM \
  -pintsave_regs=BIGRAM,bigbss=BIGRAM,bigdata=BIGRAM -pbss=RAM \
  -pidata=CODE,irdata=CODE,ibigdata=CODE,ifardata=CODE -prparam=COMRAM \
  C:\Users\ander\AppData\Local\Temp\s8ck.o \
  dist/default/production\RTOS_2022_2.X.production.o 

Object code version is 3.11

Machine type is 18F4520



                Name                               Link     Load   Length Selector   Space Scale
C:\Users\ander\AppData\Local\Temp\s8ck.o
                stack                               225      225      3DB      225       2
                idloc                            200000   200000        8        0       5
                config                           300000   300000        E        0       4
                init                                  C        C        8        4       0
                reset_vec                             0        0        4        0       0
dist/default/production\RTOS_2022_2.X.production.o
                intcode                               8        8        4        4       0
                idloc                            200000   200000        8        0       5
                config                           300000   300000        E        0       4
                temp                                 2A       2A       20        1       1
                intcode_body                         14       14      85C        4       0
                text14                              D3A      D3A       E8        4       0
                text13                              E22      E22       9A        4       0
                text12                             1180     1180        E        4       0
                text11                              870      870      4CA        4       0
                text10                             1070     1070       36        4       0
                text9                              10A6     10A6       28        4       0
                text8                              111A     111A       26        4       0
                text7                              1140     1140       24        4       0
                text6                              118E     118E        6        4       0
                text5                               EBC      EBC       96        4       0
                text4                               F52      F52       74        4       0
                text3                              10F4     10F4       26        4       0
                text2                              1032     1032       3E        4       0
                text1                              1164     1164       1C        4       0
                text0                               FC6      FC6       6C        4       0
                cstackCOMRAM                          1        1       29        1       1
                cstackBANK0                          80       80       53       80       1
                bssBIGRAM                            D3       D3      152       D3       1
                bssCOMRAM                            4A       4A        E        1       1
                cinit                              10CE     10CE       26        4       0

TOTAL           Name                               Link     Load   Length     Space
        CLASS   STACK          
                stack                               225      225      3DB         2

        CLASS   CODE           
                intcode                               8        8        4         0
                init                                  C        C        8         0
                reset_vec                             0        0        4         0
                intcode_body                         14       14      85C         0
                text14                              D3A      D3A       E8         0
                text13                              E22      E22       9A         0
                text12                             1180     1180        E         0
                text11                              870      870      4CA         0
                text10                             1070     1070       36         0
                text9                              10A6     10A6       28         0
                text8                              111A     111A       26         0
                text7                              1140     1140       24         0
                text6                              118E     118E        6         0
                text5                               EBC      EBC       96         0
                text4                               F52      F52       74         0
                text3                              10F4     10F4       26         0
                text2                              1032     1032       3E         0
                text1                              1164     1164       1C         0
                text0                               FC6      FC6       6C         0
                cinit                              10CE     10CE       26         0

        CLASS   CONST          

        CLASS   SMALLCONST     

        CLASS   MEDIUMCONST    

        CLASS   COMRAM         
                temp                                 2A       2A       20         1
                cstackCOMRAM                          1        1       29         1
                bssCOMRAM                            4A       4A        E         1

        CLASS   ABS1           

        CLASS   BIGRAM         
                bssBIGRAM                            D3       D3      152         1

        CLASS   RAM            

        CLASS   BANK0          
                cstackBANK0                          80       80       53         1

        CLASS   BANK1          

        CLASS   BANK2          

        CLASS   BANK3          

        CLASS   BANK4          

        CLASS   BANK5          

        CLASS   SFR            

        CLASS   CONFIG         
                config                           300000   300000        E         4

        CLASS   IDLOC          
                idloc                            200000   200000        8         5

        CLASS   FARRAM         

        CLASS   EEDATA         



SEGMENTS        Name                           Load    Length   Top    Selector   Space  Class

                reset_vec                      000000  000004  000004         0       0  CODE    
                cstackCOMRAM                   000001  000057  000058         1       1  COMRAM  
                intcode                        000008  00118C  001194         4       0  CODE    
                cstackBANK0                    000080  000053  0000D3        80       1  BANK0   
                bssBIGRAM                      0000D3  000152  000225        D3       1  BIGRAM  
                stack                          000225  0003DB  000600       225       2  STACK   


UNUSED ADDRESS RANGES

        Name                Unused          Largest block    Delta
        BANK2            000225-0002FF               DB
        BANK3            000300-0003FF              100
        BANK4            000400-0004FF              100
        BANK5            000500-0005FF              100
        BIGRAM           000058-00007F               28
                         000225-0005FF              3DB
        CODE             000004-000007                4
                         001194-007FFF             6E6C
        COMRAM           000058-00007F               28
        CONST            000004-000007                4
                         001194-007FFF             6E6C
        EEDATA           F00000-F000FF              100
        MEDIUMCONST      001194-007FFF             6E6C
        RAM              000225-0005FF              100
        SFR              000F80-000FFF               80
        SMALLCONST       001194-007FFF              100

                                  Symbol Table

_BSR                         (abs)        000FE0
_INTCON2bits                 (abs)        000FF1
_INTCONbits                  (abs)        000FF2
_LATDbits                    (abs)        000F8C
_PORTDbits                   (abs)        000F83
_READY_queue                 bssBIGRAM    0000D3
_RR_scheduler                text13       000E22
_STATUS                      (abs)        000FD8
_STKPTR                      (abs)        000FFC
_T0CONbits                   (abs)        000FD5
_TMR0                        (abs)        000FD6
_TOS                         (abs)        000FFD
_TRISDbits                   (abs)        000F95
_WREG                        (abs)        000FE8
__HRAM                       (abs)        000000
__Habs1                      abs1         000000
__Hbank0                     bank0        000000
__Hbank1                     bank1        000000
__Hbank2                     bank2        000000
__Hbank3                     bank3        000000
__Hbank4                     bank4        000000
__Hbank5                     bank5        000000
__Hbigbss                    bigbss       000000
__Hbigdata                   bigdata      000000
__Hbigram                    bigram       000000
__Hbss                       bss          000000
__HbssBIGRAM                 bssBIGRAM    000000
__HbssCOMRAM                 bssCOMRAM    000000
__Hcinit                     cinit        000000
__Hclrtext                   clrtext      000000
__Hcomram                    comram       000000
__Hconfig                    config       30000E
__Hconst                     const        000000
__HcstackBANK0               cstackBANK0  000000
__HcstackCOMRAM              cstackCOMRAM 000000
__Hdata                      data         000000
__Heeprom_data               eeprom_data  000000
__Hfarbss                    farbss       000000
__Hfardata                   fardata      000000
__Hibigdata                  ibigdata     000000
__Hidata                     idata        000000
__Hidloc                     idloc        200008
__Hifardata                  ifardata     000000
__Hinit                      init         000014
__Hintcode                   intcode      00000C
__Hintcode_body              intcode_body 000000
__Hintcodelo                 intcodelo    00000C
__Hintentry                  intentry     000000
__Hintret                    intret       000000
__Hintsave_regs              intsave_regs 000000
__Hirdata                    irdata       000000
__Hmediumconst               mediumconst  000000
__HnvFARRAM                  nvFARRAM     000000
__Hnvbit                     nvbit        000000
__Hnvrram                    nvrram       000000
__Hparam                     rparam       000000
__Hpowerup                   powerup      00000C
__Hram                       ram          000000
__Hramtop                    ramtop       000600
__Hrbit                      rbit         000000
__Hrbss                      rbss         000000
__Hrdata                     rdata        000000
__Hreset_vec                 reset_vec    000004
__Hrparam                    rparam       000000
__Hsfr                       sfr          000000
__Hsmallconst                smallconst   000000
__Hspace_0                   (abs)        001194
__Hspace_1                   (abs)        000225
__Hspace_2                   (abs)        000600
__Hspace_4                   (abs)        60000E
__Hstack                     stack        000600
__Hstruct                    struct       000000
__Htemp                      temp         00004A
__Htext                      text         000000
__Htext0                     text0        000000
__Htext1                     text1        000000
__Htext10                    text10       000000
__Htext11                    text11       000000
__Htext12                    text12       000000
__Htext13                    text13       000000
__Htext14                    text14       000000
__Htext2                     text2        000000
__Htext3                     text3        000000
__Htext4                     text4        000000
__Htext5                     text5        000000
__Htext6                     text6        000000
__Htext7                     text7        000000
__Htext8                     text8        000000
__Htext9                     text9        000000
__LRAM                       (abs)        000001
__Labs1                      abs1         000000
__Lbank0                     bank0        000000
__Lbank1                     bank1        000000
__Lbank2                     bank2        000000
__Lbank3                     bank3        000000
__Lbank4                     bank4        000000
__Lbank5                     bank5        000000
__Lbigbss                    bigbss       000000
__Lbigdata                   bigdata      000000
__Lbigram                    bigram       000000
__Lbss                       bss          000000
__LbssBIGRAM                 bssBIGRAM    000000
__LbssCOMRAM                 bssCOMRAM    000000
__Lcinit                     cinit        000000
__Lclrtext                   clrtext      000000
__Lcomram                    comram       000000
__Lconfig                    config       000000
__Lconst                     const        000000
__LcstackBANK0               cstackBANK0  000000
__LcstackCOMRAM              cstackCOMRAM 000000
__Ldata                      data         000000
__Leeprom_data               eeprom_data  000000
__Lfarbss                    farbss       000000
__Lfardata                   fardata      000000
__Libigdata                  ibigdata     000000
__Lidata                     idata        000000
__Lidloc                     idloc        000000
__Lifardata                  ifardata     000000
__Linit                      init         00000C
__Lintcode                   intcode      000008
__Lintcode_body              intcode_body 000000
__Lintcodelo                 intcodelo    00000C
__Lintentry                  intentry     000000
__Lintret                    intret       000000
__Lintsave_regs              intsave_regs 000000
__Lirdata                    irdata       000000
__Lmediumconst               mediumconst  000000
__LnvFARRAM                  nvFARRAM     000000
__Lnvbit                     nvbit        000000
__Lnvrram                    nvrram       000000
__Lparam                     rparam       000000
__Lpowerup                   powerup      00000C
__Lram                       ram          000000
__Lramtop                    ramtop       000600
__Lrbit                      rbit         000000
__Lrbss                      rbss         000000
__Lrdata                     rdata        000000
__Lreset_vec                 reset_vec    000000
__Lrparam                    rparam       000000
__Lsfr                       sfr          000000
__Lsmallconst                smallconst   000000
__Lspace_0                   (abs)        000000
__Lspace_1                   (abs)        000000
__Lspace_2                   (abs)        000000
__Lspace_4                   (abs)        000000
__Lstack                     stack        000225
__Lstruct                    struct       000000
__Ltemp                      temp         00002A
__Ltext                      text         000000
__Ltext0                     text0        000000
__Ltext1                     text1        000000
__Ltext10                    text10       000000
__Ltext11                    text11       000000
__Ltext12                    text12       000000
__Ltext13                    text13       000000
__Ltext14                    text14       000000
__Ltext2                     text2        000000
__Ltext3                     text3        000000
__Ltext4                     text4        000000
__Ltext5                     text5        000000
__Ltext6                     text6        000000
__Ltext7                     text7        000000
__Ltext8                     text8        000000
__Ltext9                     text9        000000
__S0                         (abs)        001194
__S1                         (abs)        000225
__S2                         (abs)        000600
__S4                         (abs)        000000
__S5                         (abs)        000000
___inthi_sp                  stack        00036E
___intlo_sp                  stack        0004B7
___lwmod                     text14       000D3A
___param_bank                (abs)        000000
___rparam_used               (abs)        000001
___sp                        stack        000225
___wmul                      text5        000EBC
__accesstop                  (abs)        000080
__activetblptr               (abs)        000000
__end_of_RR_scheduler        text13       000EBC
__end_of___lwmod             text14       000E22
__end_of___wmul              text5        000F52
__end_of__initialization     cinit        0010EE
__end_of_aciona_led_1        text8        001140
__end_of_aciona_led_2        text9        0010CE
__end_of_aciona_led_3        text10       0010A6
__end_of_hardware_init       text7        001164
__end_of_isr_INT0            intcode_body 000870
__end_of_kernel_start        text6        001194
__end_of_main                text0        001032
__end_of_new_task            text4        000FC6
__end_of_os_init             text3        00111A
__end_of_scheduler           text12       00118E
__end_of_sem_init            text2        001070
__end_of_task_delay          text11       000D3A
__end_of_user_config         text1        001180
__initialization             cinit        0010CE
__mediumconst                mediumconst  000000
__pbssBIGRAM                 bssBIGRAM    0000D3
__pbssCOMRAM                 bssCOMRAM    00004A
__pcinit                     cinit        0010CE
__pcstackBANK0               cstackBANK0  000080
__pcstackCOMRAM              cstackCOMRAM 000001
__pintcode                   intcode      000008
__pintcode_body              intcode_body 000014
__ptext0                     text0        000FC6
__ptext1                     text1        001164
__ptext10                    text10       001070
__ptext11                    text11       000870
__ptext12                    text12       001180
__ptext13                    text13       000E22
__ptext14                    text14       000D3A
__ptext2                     text2        001032
__ptext3                     text3        0010F4
__ptext4                     text4        000F52
__ptext5                     text5        000EBC
__ptext6                     text6        00118E
__ptext7                     text7        001140
__ptext8                     text8        00111A
__ptext9                     text9        0010A6
__ramtop                     ramtop       000600
__size_of_RR_scheduler       (abs)        000000
__size_of___lwmod            (abs)        000000
__size_of___wmul             (abs)        000000
__size_of_aciona_led_1       (abs)        000000
__size_of_aciona_led_2       (abs)        000000
__size_of_aciona_led_3       (abs)        000000
__size_of_hardware_init      (abs)        000000
__size_of_isr_INT0           (abs)        000000
__size_of_kernel_start       (abs)        000000
__size_of_main               (abs)        000000
__size_of_new_task           (abs)        000000
__size_of_os_init            (abs)        000000
__size_of_scheduler          (abs)        000000
__size_of_sem_init           (abs)        000000
__size_of_task_delay         (abs)        000000
__size_of_user_config        (abs)        000000
__smallconst                 smallconst   000000
_aciona_led_1                text8        00111A
_aciona_led_2                text9        0010A6
_aciona_led_3                text10       001070
_hardware_init               text7        001140
_isr_INT0                    intcode      000008
_kernel_start                text6        00118E
_main                        text0        000FC6
_new_task                    text4        000F52
_os_init                     text3        0010F4
_s                           bssCOMRAM    00004A
_scheduler                   text12       001180
_sem_init                    text2        001032
_task_delay                  text11       000870
_user_config                 text1        001164
btemp                        temp         00002A
end_of_initialization        cinit        0010EE
int_func                     intcode_body 000014
intlevel0                    text         000000
intlevel1                    text         000000
intlevel2                    text         000000
intlevel3                    text         000000
isr_INT0@i                   cstackCOMRAM 000018
isr_INT0@pos_task            cstackCOMRAM 00001A
isr_INT0@pos_task_312        cstackCOMRAM 00001E
isr_INT0@pos_task_314        cstackCOMRAM 00001C
isr_INT0@pos_task_316        cstackCOMRAM 000020
isr_INT0@task_stack_size     cstackCOMRAM 000010
isr_INT0@task_stack_size_313 cstackCOMRAM 000012
isr_INT0@task_stack_size_315 cstackCOMRAM 000014
isr_INT0@task_stack_size_317 cstackCOMRAM 000016
lltemp0                      temp         00002A
lltemp1                      temp         000032
lltemp2                      temp         00003A
lltemp3                      temp         000042
ltemp0                       temp         00002A
ltemp1                       temp         00002E
ltemp2                       temp         000032
new_task@f                   cstackCOMRAM 000026
new_task@id                  cstackCOMRAM 000022
new_task@new_task            cstackBANK0  000080
new_task@prioridade          cstackCOMRAM 000024
sem_init@sem                 cstackCOMRAM 000022
sem_init@value               cstackCOMRAM 000024
stackhi                      (abs)        0005FF
stacklo                      (abs)        000225
start                        init         00000C
start_initialization         cinit        0010CE
ttemp0                       temp         00002A
ttemp1                       temp         00002D
ttemp2                       temp         000030
ttemp3                       temp         000033
ttemp5                       temp         00002B
ttemp6                       temp         00002E
ttemp7                       temp         000032
wtemp0                       temp         00002A
wtemp1                       temp         00002C
wtemp2                       temp         00002E
wtemp3                       temp         000030
wtemp4                       temp         000032
wtemp5                       temp         000034
wtemp8                       temp         00002B


FUNCTION INFORMATION:

 *************** function _main *****************
 Defined at:
		line 5 in file "main.c"
 Parameters:    Size  Location     Type
		None
 Auto vars:     Size  Location     Type
		None
 Return value:  Size  Location     Type
                  2   20[None  ] int 
 Registers used:
		wreg, fsr0l, fsr0h, fsr1l, fsr1h, fsr2l, fsr2h, status,2, status,0, btemp, btemp+1, btemp+11, prodl, prodh, cstack
 Tracked objects:
		On entry : 
		On exit  : 
		Unchanged: 
 Data sizes:     COMRAM   BANK0   BANK1   BANK2   BANK3   BANK4   BANK5
      Params:         0       0       0       0       0       0       0
      Locals:         0       0       0       0       0       0       0
      Temps:          0       0       0       0       0       0       0
      Totals:         0       0       0       0       0       0       0
Total ram usage:        0 bytes
 Hardware stack levels required when called:   11
 This function calls:
		_hardware_init
		_kernel_start
		_new_task
		_os_init
		_user_config
 This function is called by:
		Startup code after reset
 This function uses a non-reentrant model


 *************** function _user_config *****************
 Defined at:
		line 6 in file "user_tasks.c"
 Parameters:    Size  Location     Type
		None
 Auto vars:     Size  Location     Type
		None
 Return value:  Size  Location     Type
                  1    wreg      void 
 Registers used:
		wreg, fsr2l, fsr2h, status,2, status,0, cstack
 Tracked objects:
		On entry : 
		On exit  : 
		Unchanged: 
 Data sizes:     COMRAM   BANK0   BANK1   BANK2   BANK3   BANK4   BANK5
      Params:         0       0       0       0       0       0       0
      Locals:         0       0       0       0       0       0       0
      Temps:          0       0       0       0       0       0       0
      Totals:         0       0       0       0       0       0       0
Total ram usage:        0 bytes
 Hardware stack levels used:    1
 Hardware stack levels required when called:   10
 This function calls:
		_sem_init
 This function is called by:
		_main
 This function uses a non-reentrant model


 *************** function _sem_init *****************
 Defined at:
		line 7 in file "sync.c"
 Parameters:    Size  Location     Type
  sem             2   33[COMRAM] PTR struct sem
		 -> s(14), 
  value           2   35[COMRAM] unsigned int 
 Auto vars:     Size  Location     Type
		None
 Return value:  Size  Location     Type
                  1    wreg      void 
 Registers used:
		wreg, fsr2l, fsr2h, status,2, status,0
 Tracked objects:
		On entry : 
		On exit  : 
		Unchanged: 
 Data sizes:     COMRAM   BANK0   BANK1   BANK2   BANK3   BANK4   BANK5
      Params:         4       0       0       0       0       0       0
      Locals:         0       0       0       0       0       0       0
      Temps:          0       0       0       0       0       0       0
      Totals:         4       0       0       0       0       0       0
Total ram usage:        4 bytes
 Hardware stack levels used:    1
 Hardware stack levels required when called:    9
 This function calls:
		Nothing
 This function is called by:
		_user_config
 This function uses a non-reentrant model


 *************** function _os_init *****************
 Defined at:
		line 8 in file "kernel.c"
 Parameters:    Size  Location     Type
		None
 Auto vars:     Size  Location     Type
		None
 Return value:  Size  Location     Type
                  1    wreg      void 
 Registers used:
		None
 Tracked objects:
		On entry : 
		On exit  : 
		Unchanged: 
 Data sizes:     COMRAM   BANK0   BANK1   BANK2   BANK3   BANK4   BANK5
      Params:         0       0       0       0       0       0       0
      Locals:         0       0       0       0       0       0       0
      Temps:          0       0       0       0       0       0       0
      Totals:         0       0       0       0       0       0       0
Total ram usage:        0 bytes
 Hardware stack levels used:    1
 Hardware stack levels required when called:    9
 This function calls:
		Nothing
 This function is called by:
		_main
 This function uses a non-reentrant model


 *************** function _new_task *****************
 Defined at:
		line 43 in file "kernel.c"
 Parameters:    Size  Location     Type
  id              2   33[COMRAM] unsigned int 
  prioridade      2   35[COMRAM] unsigned int 
  f               2   37[COMRAM] PTR FTN()void 
		 -> aciona_led_3(1), aciona_led_2(1), aciona_led_1(1), 
 Auto vars:     Size  Location     Type
  new_task       83    0[BANK0 ] struct tcb
 Return value:  Size  Location     Type
                  1    wreg      void 
 Registers used:
		wreg, fsr0l, fsr0h, fsr1l, fsr1h, fsr2l, fsr2h, status,2, status,0, btemp, btemp+1, btemp+11, prodl, prodh
 Tracked objects:
		On entry : 
		On exit  : 
		Unchanged: 
 Data sizes:     COMRAM   BANK0   BANK1   BANK2   BANK3   BANK4   BANK5
      Params:         6       0       0       0       0       0       0
      Locals:         0      83       0       0       0       0       0
      Temps:          2       0       0       0       0       0       0
      Totals:         8      83       0       0       0       0       0
Total ram usage:       91 bytes
 Hardware stack levels used:    1
 Hardware stack levels required when called:   10
 This function calls:
		___wmul
 This function is called by:
		_main
 This function uses a non-reentrant model


 *************** function ___wmul *****************
 Defined at:
		line 15 in file "C:\Program Files\Microchip\xc8\v2.20\pic\sources\c99\common\Umul16.c"
 Parameters:    Size  Location     Type
  multiplier      2  [STACK] unsigned int 
  multiplicand    2  [STACK] unsigned int 
 Auto vars:     Size  Location     Type
  product         2  [STACK] unsigned int 
 Return value:  Size  Location     Type
                  2  [STACK] unsigned int 
 Registers used:
		wreg, fsr1l, fsr1h, fsr2l, fsr2h, status,2, status,0, btemp, btemp+1, btemp+11, prodl, prodh
 Tracked objects:
		On entry : 
		On exit  : 
		Unchanged: 
 Data sizes:     COMRAM   BANK0   BANK1   BANK2   BANK3   BANK4   BANK5
      Params:         0       0       0       0       0       0       0
      Locals:         0       0       0       0       0       0       0
      Temps:          0       0       0       0       0       0       0
      Totals:         0       0       0       0       0       0       0
Total ram usage:        0 bytes
 Hardware stack levels used:    1
 Hardware stack levels required when called:    9
 This function calls:
		Nothing
 This function is called by:
		_new_task
		_isr_INT0
		_change_task_state
		_task_exit
		_sem_wait
		_sem_post
		_mutex_lock
		_mutex_unlock
 This function uses a reentrant model


 *************** function _kernel_start *****************
 Defined at:
		line 35 in file "kernel.c"
 Parameters:    Size  Location     Type
		None
 Auto vars:     Size  Location     Type
		None
 Return value:  Size  Location     Type
                  1    wreg      void 
 Registers used:
		None
 Tracked objects:
		On entry : 
		On exit  : 
		Unchanged: 
 Data sizes:     COMRAM   BANK0   BANK1   BANK2   BANK3   BANK4   BANK5
      Params:         0       0       0       0       0       0       0
      Locals:         0       0       0       0       0       0       0
      Temps:          0       0       0       0       0       0       0
      Totals:         0       0       0       0       0       0       0
Total ram usage:        0 bytes
 Hardware stack levels used:    1
 Hardware stack levels required when called:    9
 This function calls:
		Nothing
 This function is called by:
		_main
 This function uses a non-reentrant model


 *************** function _hardware_init *****************
 Defined at:
		line 15 in file "kernel.c"
 Parameters:    Size  Location     Type
		None
 Auto vars:     Size  Location     Type
		None
 Return value:  Size  Location     Type
                  1    wreg      void 
 Registers used:
		wreg, status,2
 Tracked objects:
		On entry : 
		On exit  : 
		Unchanged: 
 Data sizes:     COMRAM   BANK0   BANK1   BANK2   BANK3   BANK4   BANK5
      Params:         0       0       0       0       0       0       0
      Locals:         0       0       0       0       0       0       0
      Temps:          0       0       0       0       0       0       0
      Totals:         0       0       0       0       0       0       0
Total ram usage:        0 bytes
 Hardware stack levels used:    1
 Hardware stack levels required when called:    9
 This function calls:
		Nothing
 This function is called by:
		_main
 This function uses a non-reentrant model


 *************** function _aciona_led_1 *****************
 Defined at:
		line 17 in file "user_tasks.c"
 Parameters:    Size  Location     Type
		None
 Auto vars:     Size  Location     Type
		None
 Return value:  Size  Location     Type
                  1  [STACK] void 
 Registers used:
		wreg, status,2, status,0, btemp+11
 Tracked objects:
		On entry : 
		On exit  : 
		Unchanged: 
 Data sizes:     COMRAM   BANK0   BANK1   BANK2   BANK3   BANK4   BANK5
      Params:         0       0       0       0       0       0       0
      Locals:         0       0       0       0       0       0       0
      Temps:          0       0       0       0       0       0       0
      Totals:         0       0       0       0       0       0       0
Total ram usage:        0 bytes
 Hardware stack levels used:    1
 Hardware stack levels required when called:    4
 This function calls:
		Nothing
 This function is called by:
		_main
 This function uses a reentrant model


 *************** function _aciona_led_2 *****************
 Defined at:
		line 24 in file "user_tasks.c"
 Parameters:    Size  Location     Type
		None
 Auto vars:     Size  Location     Type
		None
 Return value:  Size  Location     Type
                  1  [STACK] void 
 Registers used:
		wreg, status,2, status,0, btemp+11
 Tracked objects:
		On entry : 
		On exit  : 
		Unchanged: 
 Data sizes:     COMRAM   BANK0   BANK1   BANK2   BANK3   BANK4   BANK5
      Params:         0       0       0       0       0       0       0
      Locals:         0       0       0       0       0       0       0
      Temps:          0       0       0       0       0       0       0
      Totals:         0       0       0       0       0       0       0
Total ram usage:        0 bytes
 Hardware stack levels used:    1
 Hardware stack levels required when called:    4
 This function calls:
		Nothing
 This function is called by:
		_main
 This function uses a reentrant model


 *************** function _aciona_led_3 *****************
 Defined at:
		line 33 in file "user_tasks.c"
 Parameters:    Size  Location     Type
		None
 Auto vars:     Size  Location     Type
		None
 Return value:  Size  Location     Type
                  1  [STACK] void 
 Registers used:
		wreg, fsr0l, fsr0h, fsr1l, fsr1h, fsr2l, fsr2h, status,2, status,0, pclath, btemp, btemp+1, btemp+2, btemp+3, btemp+4, btemp+5, btemp+6, btemp+7, btemp+8, btemp+9, btemp+10, btemp+11, btemp+12, btemp+13, btemp+14, btemp+15, btemp+16, btemp+17, btemp+18, btemp+19, btemp+20, btemp+21, btemp+22, btemp+23, btemp+24, btemp+25, btemp+26, btemp+27, btemp+28, btemp+29, btemp+30, btemp+31, tosl, structret, tblptrl, tblptrh, tblptru, prodl, prodh, bsr, cstack
 Tracked objects:
		On entry : 
		On exit  : 
		Unchanged: 
 Data sizes:     COMRAM   BANK0   BANK1   BANK2   BANK3   BANK4   BANK5
      Params:         0       0       0       0       0       0       0
      Locals:         0       0       0       0       0       0       0
      Temps:          0       0       0       0       0       0       0
      Totals:         0       0       0       0       0       0       0
Total ram usage:        0 bytes
 Hardware stack levels used:    1
 Hardware stack levels required when called:    8
 This function calls:
		_task_delay
 This function is called by:
		_main
 This function uses a reentrant model


 *************** function _task_delay *****************
 Defined at:
		line 67 in file "kernel.c"
 Parameters:    Size  Location     Type
  time            2  [STACK] unsigned int 
 Auto vars:     Size  Location     Type
  task_stack_s    2  [STACK] unsigned int 
  pos_task        2  [STACK] unsigned int 
  pos_task        2  [STACK] unsigned int 
  task_stack_s    2  [STACK] unsigned int 
 Return value:  Size  Location     Type
                  1  [STACK] void 
 Registers used:
		wreg, fsr0l, fsr0h, fsr1l, fsr1h, fsr2l, fsr2h, status,2, status,0, pclath, btemp, btemp+1, btemp+2, btemp+3, btemp+4, btemp+5, btemp+6, btemp+7, btemp+8, btemp+9, btemp+10, btemp+11, btemp+12, btemp+13, btemp+14, btemp+15, btemp+16, btemp+17, btemp+18, btemp+19, btemp+20, btemp+21, btemp+22, btemp+23, btemp+24, btemp+25, btemp+26, btemp+27, btemp+28, btemp+29, btemp+30, btemp+31, tosl, structret, tblptrl, tblptrh, tblptru, prodl, prodh, bsr, cstack
 Tracked objects:
		On entry : 
		On exit  : 
		Unchanged: 
 Data sizes:     COMRAM   BANK0   BANK1   BANK2   BANK3   BANK4   BANK5
      Params:         0       0       0       0       0       0       0
      Locals:         0       0       0       0       0       0       0
      Temps:          0       0       0       0       0       0       0
      Totals:         0       0       0       0       0       0       0
Total ram usage:        0 bytes
 Hardware stack levels used:    1
 Hardware stack levels required when called:    7
 This function calls:
		_scheduler
 This function is called by:
		_aciona_led_3
 This function uses a reentrant model


 *************** function _scheduler *****************
 Defined at:
		line 6 in file "scheduler.c"
 Parameters:    Size  Location     Type
		None
 Auto vars:     Size  Location     Type
		None
 Return value:  Size  Location     Type
                  1  [STACK] void 
 Registers used:
		wreg, fsr1l, fsr1h, fsr2l, fsr2h, status,2, status,0, btemp, btemp+1, btemp+8, btemp+9, btemp+10, btemp+11, prodl, prodh
 Tracked objects:
		On entry : 
		On exit  : 
		Unchanged: 
 Data sizes:     COMRAM   BANK0   BANK1   BANK2   BANK3   BANK4   BANK5
      Params:         0       0       0       0       0       0       0
      Locals:         0       0       0       0       0       0       0
      Temps:          0       0       0       0       0       0       0
      Totals:         0       0       0       0       0       0       0
Total ram usage:        0 bytes
 Hardware stack levels used:    1
 Hardware stack levels required when called:    6
 This function calls:
		_RR_scheduler
 This function is called by:
		_task_delay
		_isr_INT0
		_task_exit
		_sem_wait
		_sem_post
		_mutex_lock
		_mutex_unlock
 This function uses a reentrant model


 *************** function _RR_scheduler *****************
 Defined at:
		line 15 in file "scheduler.c"
 Parameters:    Size  Location     Type
		None
 Auto vars:     Size  Location     Type
  next_task       2  [STACK] unsigned int 
 Return value:  Size  Location     Type
                  2  [STACK] unsigned int 
 Registers used:
		wreg, fsr1l, fsr1h, fsr2l, fsr2h, status,2, status,0, btemp, btemp+1, btemp+8, btemp+9, btemp+10, btemp+11, prodl, prodh
 Tracked objects:
		On entry : 
		On exit  : 
		Unchanged: 
 Data sizes:     COMRAM   BANK0   BANK1   BANK2   BANK3   BANK4   BANK5
      Params:         0       0       0       0       0       0       0
      Locals:         0       0       0       0       0       0       0
      Temps:          0       0       0       0       0       0       0
      Totals:         0       0       0       0       0       0       0
Total ram usage:        0 bytes
 Hardware stack levels used:    1
 Hardware stack levels required when called:    5
 This function calls:
		___lwmod
 This function is called by:
		_scheduler
 This function uses a reentrant model


 *************** function ___lwmod *****************
 Defined at:
		line 7 in file "C:\Program Files\Microchip\xc8\v2.20\pic\sources\c99\common\lwmod.c"
 Parameters:    Size  Location     Type
  dividend        2  [STACK] unsigned int 
  divisor         2  [STACK] unsigned int 
 Auto vars:     Size  Location     Type
  counter         1  [STACK] unsigned char 
 Return value:  Size  Location     Type
                  2  [STACK] unsigned int 
 Registers used:
		wreg, fsr1l, fsr1h, status,2, status,0, btemp, btemp+1, btemp+8, btemp+9, btemp+10, btemp+11, prodl
 Tracked objects:
		On entry : 
		On exit  : 
		Unchanged: 
 Data sizes:     COMRAM   BANK0   BANK1   BANK2   BANK3   BANK4   BANK5
      Params:         0       0       0       0       0       0       0
      Locals:         0       0       0       0       0       0       0
      Temps:          0       0       0       0       0       0       0
      Totals:         0       0       0       0       0       0       0
Total ram usage:        0 bytes
 Hardware stack levels used:    1
 Hardware stack levels required when called:    4
 This function calls:
		Nothing
 This function is called by:
		_RR_scheduler
 This function uses a reentrant model


 *************** function _isr_INT0 *****************
 Defined at:
		line 94 in file "kernel.c"
 Parameters:    Size  Location     Type
		None
 Auto vars:     Size  Location     Type
  task_stack_s    2   21[COMRAM] unsigned int 
  pos_task        2   31[COMRAM] unsigned int 
  pos_task        2   27[COMRAM] unsigned int 
  task_stack_s    2   19[COMRAM] unsigned int 
  task_stack_s    2   17[COMRAM] unsigned int 
  pos_task        2   29[COMRAM] unsigned int 
  pos_task        2   25[COMRAM] unsigned int 
  task_stack_s    2   15[COMRAM] unsigned int 
  i               2   23[COMRAM] int 
 Return value:  Size  Location     Type
                  1    wreg      void 
 Registers used:
		wreg, fsr1l, fsr1h, fsr2l, fsr2h, status,2, status,0, btemp, btemp+1, btemp+8, btemp+9, btemp+10, btemp+11, prodl, prodh
 Tracked objects:
		On entry : 
		On exit  : 
		Unchanged: 
 Data sizes:     COMRAM   BANK0   BANK1   BANK2   BANK3   BANK4   BANK5
      Params:         0       0       0       0       0       0       0
      Locals:        18       0       0       0       0       0       0
      Temps:         15       0       0       0       0       0       0
      Totals:        33       0       0       0       0       0       0
Total ram usage:       33 bytes
 Hardware stack levels used:    1
 Hardware stack levels required when called:    3
 This function calls:
		___wmul
		_scheduler
 This function is called by:
		Interrupt level 2
 This function uses a non-reentrant model



MODULE INFORMATION

Module		Function		Class		Link	Load	Size
C:\Program Files\Microchip\xc8\v2.20\pic\sources\c99\common\Umul16.c
		___wmul        		CODE           	0EBC	0000	151

C:\Program Files\Microchip\xc8\v2.20\pic\sources\c99\common\Umul16.c estimated size: 151

C:\Program Files\Microchip\xc8\v2.20\pic\sources\c99\common\lwmod.c
		___lwmod       		CODE           	0D3A	0000	233

C:\Program Files\Microchip\xc8\v2.20\pic\sources\c99\common\lwmod.c estimated size: 233

kernel.c
		_new_task      		CODE           	0F52	0000	117
		_hardware_init 		CODE           	1140	0000	37
		_os_init       		CODE           	10F4	0000	39
		_kernel_start  		CODE           	118E	0000	7
		_task_delay    		CODE           	0870	0000	1227
		_isr_INT0      		CODE           	0008	0000	2145

kernel.c estimated size: 3572

shared
		__initialization		CODE           	10CE	0000	33

shared estimated size: 33

scheduler.c
		_RR_scheduler  		CODE           	0E22	0000	155
		_scheduler     		CODE           	1180	0000	15

scheduler.c estimated size: 170

user_tasks.c
		_user_config   		CODE           	1164	0000	29
		_aciona_led_1  		CODE           	111A	0000	39
		_aciona_led_2  		CODE           	10A6	0000	41
		_aciona_led_3  		CODE           	1070	0000	55

user_tasks.c estimated size: 164

sync.c
		_sem_init      		CODE           	1032	0000	63

sync.c estimated size: 63

main.c
		_main          		CODE           	0FC6	0000	109

main.c estimated size: 109

